// Jest Snapshot v1, https://goo.gl/fbAQLP

exports[`<CoinRow /> component should render 1`] = `undefined`;
