// Jest Snapshot v1, https://goo.gl/fbAQLP

exports[`<Portfolio /> component should render 1`] = `
<div
  className="app-bg"
>
  <section
    className="portfolio"
  >
    <Header />
    <AssetsTable />
    <SocialMediaFooter />
  </section>
</div>
`;
